
> orbitaevents-prova@1.0.0 build C:\Users\Lore\Desktop\orbitaevents
> npm run normalize:filenames && npm run rename:portfolio && npm run generate:portfolio && npm run sync:reviews && next build


> orbitaevents-prova@1.0.0 normalize:filenames
> node scripts/normalize-filenames.mjs


[36m━━━━━━━━━━━━━━━━━━━━━━━━━━━━━━━━━━━━━━━━[0m
[36m  ÒRBITA EVENTS - Normalización de Archivos[0m
[36m━━━━━━━━━━━━━━━━━━━━━━━━━━━━━━━━━━━━━━━━[0m

[36mProcesando:[0m public/img


[36mProcesando:[0m public/videos


[36m━━━━━━━━━━━━━━━━━━━━━━━━━━━━━━━━━━━━━━━━[0m
[32mRESUMEN[0m
[36m━━━━━━━━━━━━━━━━━━━━━━━━━━━━━━━━━━━━━━━━[0m
Archivos procesados: 110
Archivos renombrados: [32m0[0m
[36m━━━━━━━━━━━━━━━━━━━━━━━━━━━━━━━━━━━━━━━━[0m


> orbitaevents-prova@1.0.0 rename:portfolio
> node scripts/rename-portfolio-images.mjs


📁 Carpeta: alquiler-equipo
⏭️ Ja correcte, salto alquiler-equipo-01.jpg
⏭️ Ja correcte, salto alquiler-equipo-02.jpg
⏭️ Ja correcte, salto alquiler-equipo-03.jpg
⏭️ Ja correcte, salto alquiler-equipo-04.jpg

📁 Carpeta: bodas
⏭️ Ja correcte, salto bodas-01.webp
⏭️ Ja correcte, salto bodas-02.webp
⏭️ Ja correcte, salto bodas-03.webp
⏭️ Ja correcte, salto bodas-04.webp
⏭️ Ja correcte, salto bodas-05.webp
⏭️ Ja correcte, salto bodas-06.webp
⏭️ Ja correcte, salto bodas-07.webp
⏭️ Ja correcte, salto bodas-08.webp
⏭️ Ja correcte, salto bodas-09.webp
⏭️ Ja correcte, salto bodas-10.webp
⏭️ Ja correcte, salto bodas-11.webp

📁 Carpeta: discomovil
⏭️ Ja correcte, salto discomovil-01.png
⏭️ Ja correcte, salto discomovil-02.jpg
⏭️ Ja correcte, salto discomovil-03.jpg
⏭️ Ja correcte, salto discomovil-04.jpg

📁 Carpeta: eventos-empresa
⏭️ Ja correcte, salto eventos-empresa-01.webp
⏭️ Ja correcte, salto eventos-empresa-02.webp
⏭️ Ja correcte, salto eventos-empresa-03.webp
⏭️ Ja correcte, salto eventos-empresa-04.webp
⏭️ Ja correcte, salto eventos-empresa-05.png
⏭️ Ja correcte, salto eventos-empresa-06.png

📁 Carpeta: fiestas-infantiles
⏭️ Ja correcte, salto fiestas-infantiles-01.webp
⏭️ Ja correcte, salto fiestas-infantiles-02.jpg
⏭️ Ja correcte, salto fiestas-infantiles-03.jpg

📁 Carpeta: fiestas-privadas
⏭️ Ja correcte, salto fiestas-privadas-01.webp
⏭️ Ja correcte, salto fiestas-privadas-02.webp
⏭️ Ja correcte, salto fiestas-privadas-03.webp
⏭️ Ja correcte, salto fiestas-privadas-04.webp
⏭️ Ja correcte, salto fiestas-privadas-05.webp
⏭️ Ja correcte, salto fiestas-privadas-06.webp
⏭️ Ja correcte, salto fiestas-privadas-07.webp

📁 Carpeta: fiestas-tematicas-halloween
⏭️ Ja correcte, salto fiestas-tematicas-halloween-01.jpg
⏭️ Ja correcte, salto fiestas-tematicas-halloween-02.webp
⏭️ Ja correcte, salto fiestas-tematicas-halloween-03.webp
⏭️ Ja correcte, salto fiestas-tematicas-halloween-04.webp
⏭️ Ja correcte, salto fiestas-tematicas-halloween-05.webp
⏭️ Ja correcte, salto fiestas-tematicas-halloween-06.webp
⏭️ Ja correcte, salto fiestas-tematicas-halloween-07.webp
⏭️ Ja correcte, salto fiestas-tematicas-halloween-08.webp
⏭️ Ja correcte, salto fiestas-tematicas-halloween-09.webp
⏭️ Ja correcte, salto fiestas-tematicas-halloween-10.webp
⏭️ Ja correcte, salto fiestas-tematicas-halloween-11.webp
⏭️ Ja correcte, salto fiestas-tematicas-halloween-12.webp

📁 Carpeta: fiestas-tematicas-mon-magic
⏭️ Ja correcte, salto fiestas-tematicas-mon-magic-01.webp
⏭️ Ja correcte, salto fiestas-tematicas-mon-magic-02.webp
⏭️ Ja correcte, salto fiestas-tematicas-mon-magic-03.webp
⏭️ Ja correcte, salto fiestas-tematicas-mon-magic-04.webp
⏭️ Ja correcte, salto fiestas-tematicas-mon-magic-05.webp
⏭️ Ja correcte, salto fiestas-tematicas-mon-magic-06.webp
⏭️ Ja correcte, salto fiestas-tematicas-mon-magic-07.webp
⏭️ Ja correcte, salto fiestas-tematicas-mon-magic-08.webp
⏭️ Ja correcte, salto fiestas-tematicas-mon-magic-09.webp
⏭️ Ja correcte, salto fiestas-tematicas-mon-magic-10.jpg
⏭️ Ja correcte, salto fiestas-tematicas-mon-magic-11.webp
⏭️ Ja correcte, salto fiestas-tematicas-mon-magic-12.jpg

📁 Carpeta: produccion-tecnica
⏭️ Ja correcte, salto produccion-tecnica-01.jpg
⏭️ Ja correcte, salto produccion-tecnica-02.webp
⏭️ Ja correcte, salto produccion-tecnica-03.jpg
⏭️ Ja correcte, salto produccion-tecnica-04.jpg

✅ Rename complet

> orbitaevents-prova@1.0.0 generate:portfolio
> node scripts/generate-portfolio-config.mjs

🔄 Normalizando portfolio (carpetas + nombres)...
📂 Renombrando 4 imágenes en alquiler-equipo
📂 Renombrando 11 imágenes en bodas
📂 Renombrando 4 imágenes en discomovil
📂 Renombrando 6 imágenes en eventos-empresa
📂 Renombrando 3 imágenes en fiestas-infantiles
📂 Renombrando 7 imágenes en fiestas-privadas
📂 Renombrando 12 imágenes en fiestas-tematicas-halloween
📂 Renombrando 12 imágenes en fiestas-tematicas-mon-magic
📂 Renombrando 4 imágenes en produccion-tecnica
📝 Generando configuración del portfolio...
✔ Config generada: C:\Users\Lore\Desktop\orbitaevents\app\config\portfolio-images.ts

> orbitaevents-prova@1.0.0 sync:reviews
> node scripts/sync-reviews.mjs

═══════════════════════════════════════════════════════════════
🔄 Sincronitzant ressenyes de Google...
═══════════════════════════════════════════════════════════════
[SerpAPI] No API key
[Outscraper] No API key

⚠️  No s'han pogut obtenir ressenyes automàticament.

📋 Per activar sincronització automàtica:

   1. SerpAPI (100 gratis/mes):
      → https://serpapi.com
      → Afegeix SERPAPI_KEY a Vercel

   2. Outscraper (25 gratis/mes):
      → https://outscraper.com
      → Afegeix OUTSCRAPER_KEY a Vercel


💾 Guardat a public/data/google-reviews.json
   Rating: 5⭐
   Ressenyes: 0

✅ Sincronització completada!
═══════════════════════════════════════════════════════════════
  ▲ Next.js 14.2.35
  - Environments: .env.local, .env
  - Experiments (use with caution):
    · largePageDataBytes

   Creating an optimized production build ...
 ✓ Compiled successfully
   Linting and checking validity of types ...
   Collecting page data ...
 ⚠ Using edge runtime on a page currently disables static generation for that page
   Generating static pages (0/102) ...
   Generating static pages (25/102) 
prisma:error 
Invalid `prisma.$queryRaw()` invocation:


Authentication failed against database server at `aws-1-eu-west-1.pooler.supabase.com`, the provided database credentials for `postgres` are not valid.

Please make sure to provide valid database credentials for the database server at `aws-1-eu-west-1.pooler.supabase.com`.
prisma:error 
Invalid `prisma.customerTestimonial.findMany()` invocation:


Authentication failed against database server at `aws-1-eu-west-1.pooler.supabase.com`, the provided database credentials for `postgres` are not valid.

Please make sure to provide valid database credentials for the database server at `aws-1-eu-west-1.pooler.supabase.com`.
❌ [23:27:10] [Reviews] Error obtenint de BBDD:  PrismaClientInitializationError: 
Invalid `prisma.customerTestimonial.findMany()` invocation:


Authentication failed against database server at `aws-1-eu-west-1.pooler.supabase.com`, the provided database credentials for `postgres` are not valid.

Please make sure to provide valid database credentials for the database server at `aws-1-eu-west-1.pooler.supabase.com`.
    at $n.handleRequestError (C:\Users\Lore\Desktop\orbitaevents\node_modules\.pnpm\@prisma+client@5.22.0_prisma@5.22.0\node_modules\@prisma\client\runtime\library.js:121:7615)
    at $n.handleAndLogRequestError (C:\Users\Lore\Desktop\orbitaevents\node_modules\.pnpm\@prisma+client@5.22.0_prisma@5.22.0\node_modules\@prisma\client\runtime\library.js:121:6623)
    at $n.request (C:\Users\Lore\Desktop\orbitaevents\node_modules\.pnpm\@prisma+client@5.22.0_prisma@5.22.0\node_modules\@prisma\client\runtime\library.js:121:6307)
    at async l (C:\Users\Lore\Desktop\orbitaevents\node_modules\.pnpm\@prisma+client@5.22.0_prisma@5.22.0\node_modules\@prisma\client\runtime\library.js:130:9633)
    at async v (C:\Users\Lore\Desktop\orbitaevents\.next\server\app\api\google-reviews\route.js:1:981)
    at async Promise.all (index 1)
    at async f (C:\Users\Lore\Desktop\orbitaevents\.next\server\app\api\google-reviews\route.js:1:2558)
    at async C:\Users\Lore\Desktop\orbitaevents\node_modules\.pnpm\next@14.2.35_react-dom@18.3.1_react@18.3.1__react@18.3.1\node_modules\next\dist\compiled\next-server\app-route.runtime.prod.js:6:38411
    at async e_.execute (C:\Users\Lore\Desktop\orbitaevents\node_modules\.pnpm\next@14.2.35_react-dom@18.3.1_react@18.3.1__react@18.3.1\node_modules\next\dist\compiled\next-server\app-route.runtime.prod.js:6:27880)
    at async e_.handle (C:\Users\Lore\Desktop\orbitaevents\node_modules\.pnpm\next@14.2.35_react-dom@18.3.1_react@18.3.1__react@18.3.1\node_modules\next\dist\compiled\next-server\app-route.runtime.prod.js:6:39943) {
  clientVersion: '5.22.0',
  errorCode: undefined
}
   Generating static pages (50/102) 
   Generating static pages (76/102) 
 ✓ Generating static pages (102/102)
   Finalizing page optimization ...
   Collecting build traces ...

Route (app)                                   Size     First Load JS
┌ ○ /_not-found                               163 B          88.5 kB
├ ● /[locale]                                 11.5 kB         177 kB
├   ├ /ca
├   └ /es
├ ● /[locale]/about                           3.03 kB         119 kB
├   ├ /ca/about
├   └ /es/about
├ ● /[locale]/boda-halloween                  3.01 kB         114 kB
├   ├ /ca/boda-halloween
├   └ /es/boda-halloween
├ ● /[locale]/buscar                          4.91 kB         116 kB
├   ├ /ca/buscar
├   └ /es/buscar
├ ● /[locale]/configurador                    6.85 kB         287 kB
├   ├ /ca/configurador
├   └ /es/configurador
├ ● /[locale]/contacto                        6.35 kB         172 kB
├   ├ /ca/contacto
├   └ /es/contacto
├ ● /[locale]/experiencias                    3.03 kB         119 kB
├   ├ /ca/experiencias
├   └ /es/experiencias
├ ● /[locale]/faq                             3.92 kB         130 kB
├   ├ /ca/faq
├   └ /es/faq
├ ● /[locale]/legal/aviso-legal               3.43 kB         106 kB
├   ├ /ca/legal/aviso-legal
├   └ /es/legal/aviso-legal
├ ● /[locale]/legal/cookies                   3.71 kB         106 kB
├   ├ /ca/legal/cookies
├   └ /es/legal/cookies
├ ● /[locale]/legal/privacidad                7.66 kB         119 kB
├   ├ /ca/legal/privacidad
├   └ /es/legal/privacidad
├ ● /[locale]/legal/terminos                  3.56 kB         106 kB
├   ├ /ca/legal/terminos
├   └ /es/legal/terminos
├ ● /[locale]/opiniones                       10.7 kB         165 kB
├   ├ /ca/opiniones
├   └ /es/opiniones
├ ● /[locale]/opiniones/nueva                 13.7 kB         159 kB
├   ├ /ca/opiniones/nueva
├   └ /es/opiniones/nueva
├ ● /[locale]/packs                           163 B          88.5 kB
├   ├ /ca/packs
├   └ /es/packs
├ ● /[locale]/portfolio                       3.55 kB         120 kB
├   ├ /ca/portfolio
├   └ /es/portfolio
├ ƒ /[locale]/portfolio/[slug]                6.6 kB          138 kB
├ ● /[locale]/privacitat                      11.3 kB         160 kB
├   ├ /ca/privacitat
├   └ /es/privacitat
├ ● /[locale]/recursos                        4.41 kB         289 kB
├   ├ /ca/recursos
├   └ /es/recursos
├ ● /[locale]/sensorial                       8.82 kB         149 kB
├   ├ /ca/sensorial
├   └ /es/sensorial
├ ● /[locale]/servicios                       7.19 kB         156 kB
├   ├ /ca/servicios
├   └ /es/servicios
├ ● /[locale]/servicios/animacion-infantil    9.58 kB         159 kB
├   ├ /ca/servicios/animacion-infantil
├   └ /es/servicios/animacion-infantil
├ ● /[locale]/servicios/bodas                 12.1 kB         172 kB
├   ├ /ca/servicios/bodas
├   └ /es/servicios/bodas
├ ● /[locale]/servicios/discomovil            7.46 kB         153 kB
├   ├ /ca/servicios/discomovil
├   └ /es/servicios/discomovil
├ ● /[locale]/servicios/dj-bodas-costa-brava  152 B           157 kB
├   ├ /ca/servicios/dj-bodas-costa-brava
├   └ /es/servicios/dj-bodas-costa-brava
├ ● /[locale]/servicios/dj-bodas-girona       152 B           157 kB
├   ├ /ca/servicios/dj-bodas-girona
├   └ /es/servicios/dj-bodas-girona
├ ● /[locale]/servicios/dj-bodas-maresme      151 B           157 kB
├   ├ /ca/servicios/dj-bodas-maresme
├   └ /es/servicios/dj-bodas-maresme
├ ● /[locale]/servicios/dj-bodas-valles       152 B           157 kB
├   ├ /ca/servicios/dj-bodas-valles
├   └ /es/servicios/dj-bodas-valles
├ ● /[locale]/servicios/empresas              37 kB           197 kB
├   ├ /ca/servicios/empresas
├   └ /es/servicios/empresas
├ ● /[locale]/servicios/fiestas               11 kB           171 kB
├   ├ /ca/servicios/fiestas
├   └ /es/servicios/fiestas
├ ● /[locale]/tematica-halloween              4.07 kB         158 kB
├   ├ /ca/tematica-halloween
├   └ /es/tematica-halloween
├ ● /[locale]/tematica-mon-magic              11.1 kB         165 kB
├   ├ /ca/tematica-mon-magic
├   └ /es/tematica-mon-magic
├ ● /[locale]/valoracio                       5.06 kB         131 kB
├   ├ /ca/valoracio
├   └ /es/valoracio
├ ƒ /admin                                    1.76 kB         104 kB
├ ƒ /admin/analytics                          163 B          88.5 kB
├ ƒ /admin/bookings                           537 B          97.4 kB
├ ƒ /admin/bookings/[id]                      2.04 kB        98.9 kB
├ ƒ /admin/calendario                         3.59 kB         100 kB
├ ○ /admin/canvas                             2.38 kB        90.7 kB
├ ○ /admin/contactes                          5.09 kB         131 kB
├ ƒ /admin/dashboard                          536 B          97.4 kB
├ ○ /admin/duplicates                         6.67 kB         133 kB
├ ƒ /admin/emails                             6.16 kB         112 kB
├ ○ /admin/events                             10.8 kB        99.1 kB
├ ƒ /admin/faq                                536 B          97.4 kB
├ ƒ /admin/inbox                              4.69 kB         110 kB
├ ƒ /admin/inbox/compose                      3.13 kB         100 kB
├ ƒ /admin/inventory                          536 B          97.4 kB
├ ƒ /admin/leads                              1.54 kB        98.4 kB
├ ƒ /admin/leads/[id]                         3.14 kB         100 kB
├ ƒ /admin/mensajes                           536 B          97.4 kB
├ ○ /admin/opiniones                          4.1 kB          130 kB
├ ƒ /admin/packs                              536 B          97.4 kB
├ ƒ /admin/packs/[id]                         2.58 kB        99.5 kB
├ ƒ /admin/post-event                         536 B          97.4 kB
├ ○ /admin/pricing                            5.83 kB         103 kB
├ ○ /admin/privacy                            5.62 kB        93.9 kB
├ ○ /admin/ressenyes                          7.03 kB         104 kB
├ ƒ /admin/settings                           536 B          97.4 kB
├ ○ /admin/settings/notifications             3.12 kB         100 kB
├ ƒ /admin/testimonios                        537 B          97.4 kB
├ ○ /admin/text-manager                       5.08 kB        93.4 kB
├ ƒ /api/admin/bookings                       0 B                0 B
├ ƒ /api/admin/bookings/[id]                  0 B                0 B
├ ƒ /api/admin/bookings/[id]/status           0 B                0 B
├ ƒ /api/admin/calendario/mes                 0 B                0 B
├ ƒ /api/admin/customer-testimonials          0 B                0 B
├ ƒ /api/admin/customers                      0 B                0 B
├ ƒ /api/admin/dashboard                      0 B                0 B
├ ƒ /api/admin/duplicates                     0 B                0 B
├ ƒ /api/admin/emails/run-cron                0 B                0 B
├ ƒ /api/admin/emails/send-post-event         0 B                0 B
├ ƒ /api/admin/emails/test                    0 B                0 B
├ ƒ /api/admin/events                         0 B                0 B
├ ƒ /api/admin/faq                            0 B                0 B
├ ƒ /api/admin/inbox                          0 B                0 B
├ ƒ /api/admin/inbox/messages                 0 B                0 B
├ ƒ /api/admin/inbox/messages/[uid]           0 B                0 B
├ ƒ /api/admin/inventory                      0 B                0 B
├ ƒ /api/admin/inventory/[id]                 0 B                0 B
├ ƒ /api/admin/leads-new                      0 B                0 B
├ ƒ /api/admin/leads-new/[id]                 0 B                0 B
├ ƒ /api/admin/leads-new/[id]/notes           0 B                0 B
├ ƒ /api/admin/leads/[id]/quote               0 B                0 B
├ ƒ /api/admin/leads/[id]/status              0 B                0 B
├ ƒ /api/admin/packs                          0 B                0 B
├ ƒ /api/admin/packs/[id]                     0 B                0 B
├ ƒ /api/admin/pricing                        0 B                0 B
├ ƒ /api/admin/privacy/requests               0 B                0 B
├ ƒ /api/admin/privacy/requests/[id]/process  0 B                0 B
├ ƒ /api/admin/privacy/stats                  0 B                0 B
├ ƒ /api/admin/settings                       0 B                0 B
├ ƒ /api/admin/start-process                  0 B                0 B
├ ƒ /api/admin/test-notifications             0 B                0 B
├ ƒ /api/admin/testimonials                   0 B                0 B
├ ƒ /api/admin/text-manager                   0 B                0 B
├ ƒ /api/admin/texts                          0 B                0 B
├ ƒ /api/admin/texts-json                     0 B                0 B
├ ƒ /api/admin/translations                   0 B                0 B
├ ƒ /api/canvas/event-photo                   0 B                0 B
├ ƒ /api/canvas/rating                        0 B                0 B
├ ƒ /api/canvas/testimonial                   0 B                0 B
├ ƒ /api/contact                              0 B                0 B
├ ƒ /api/cron/post-event                      0 B                0 B
├ ○ /api/google-reviews                       0 B                0 B
├ ○ /api/health                               0 B                0 B
├ ƒ /api/og                                   0 B                0 B
├ ƒ /api/privacy/request                      0 B                0 B
├ ƒ /api/privacy/verify                       0 B                0 B
├ ƒ /api/public/availability                  0 B                0 B
├ ƒ /api/public/stats                         0 B                0 B
├ ƒ /api/public/testimonials                  0 B                0 B
├ ƒ /api/recent-bookings                      0 B                0 B
├ ƒ /api/testimonial-upload                   0 B                0 B
├ ƒ /api/testimonials                         0 B                0 B
├ ƒ /api/upload                               0 B                0 B
├ ○ /robots.txt                               0 B                0 B
└ ○ /sitemap.xml                              0 B                0 B
+ First Load JS shared by all                 88.3 kB
  ├ chunks/2200cc46-a5ffabd5bb25eafc.js       53.6 kB
  ├ chunks/2945-3ab37b431561a11c.js           31.9 kB
  └ other shared chunks (total)               2.78 kB


ƒ Middleware                                  169 kB

○  (Static)   prerendered as static content
●  (SSG)      prerendered as static HTML (uses getStaticProps)
ƒ  (Dynamic)  server-rendered on demand

